[cavaglia.eu/index.html]
[backblue.gif]
[fade.gif]
[index.html]
[cavaglia.eu/wp-content/plugins/mailchimp/css/flick/flickad9f.css]
[cavaglia.eu/comments/feed/index.html]
[cavaglia.eu/feed/index.html]
[cavaglia.eu/home/feed/index.html]
[cavaglia.eu/wp-includes/css/dist/block-library/style.minad9f.css]
[cavaglia.eu/indexc9e4.html]
[cavaglia.eu/wp-content/themes/Divi/style7ee6.css]
[cavaglia.eu/wp-content/themes/Divi/epanel/shortcodes/css/shortcodes7ee6.css]
[cavaglia.eu/wp-content/themes/Divi/epanel/shortcodes/css/shortcodes_responsive7ee6.css]
[cavaglia.eu/wp-content/themes/Divi/includes/builder/styles/magnific_popup7ee6.css]
[cavaglia.eu/wp-includes/js/jquery/jqueryb8ff.js]
[cavaglia.eu/wp-includes/js/jquery/jquery-migrate.min330a.js]
[cavaglia.eu/wp-content/plugins/mailchimp/js/scrollTo00e2.js]
[cavaglia.eu/wp-includes/js/jquery/jquery.form.min50fa.js]
[cavaglia.eu/wp-content/plugins/mailchimp/js/mailchimp00e2.js]
[cavaglia.eu/wp-includes/js/jquery/ui/core.mine899.js]
[cavaglia.eu/wp-content/plugins/mailchimp/js/datepickerad9f.js]
[cavaglia.eu/wp-content/plugins/google-analyticator/external-tracking.min380f.js]
[cavaglia.eu/xmlrpc0db0.php]
[cavaglia.eu/wp-includes/wlwmanifest.xml]
[cavaglia.eu/wp-json/index.html]
[cavaglia.eu/wp-json/oembed/1.0/embed2a10.json]
[cavaglia.eu/wp-json/oembed/1.0/embedfd84]
[cavaglia.eu/wp-content/uploads/2014/04/cavaglianame-300x36.png]
[cavaglia.eu/wp-content/uploads/2014/04/Logo_lepri_OK.jpg]
[cavaglia.eu/wp-content/uploads/2014/04/formula2.png]
[cavaglia.eu/zero-neet/index.html]
[cavaglia.eu/about/index.html]
[cavaglia.eu/wp-content/uploads/2014/04/formazione.jpg]
[cavaglia.eu/wp-content/uploads/2014/04/lavoro.png]
[cavaglia.eu/wp-content/uploads/2014/04/sviluppo.jpg]
[cavaglia.eu/wp-content/uploads/2014/04/lavoro1.png]
[cavaglia.eu/wp-content/uploads/2014/04/costiburocrazia.jpg]
[cavaglia.eu/wp-content/uploads/2014/04/politica.png]
[cavaglia.eu/wp-content/uploads/2014/04/famiglia.jpg]
[cavaglia.eu/wp-content/uploads/2014/04/famiglia.png]
[cavaglia.eu/wp-content/uploads/2014/04/salute.jpg]
[cavaglia.eu/wp-content/uploads/2014/04/salute.png]
[cavaglia.eu/wp-content/uploads/2014/04/trasporti.jpg]
[cavaglia.eu/wp-content/uploads/2014/04/trasporti.png]
[cavaglia.eu/wp-content/uploads/2014/04/energia.jpg]
[cavaglia.eu/wp-content/uploads/2014/04/Ambiente-energia.png]
[cavaglia.eu/wp-content/uploads/2016/05/CAVAGLIA-verticale_10x21_DEF.pdf]
[cavaglia.eu/wp-content/uploads/2014/04/Screen-Shot-2016-05-05-at-20.50.55-1.png]
[cavaglia.eu/wp-content/uploads/2016/05/PD_CAVAGLIA_Santino_DEF-stampa.pdf]
[cavaglia.eu/wp-content/uploads/2014/04/Screen-Shot-2016-04-25-at-20.57.08.png]
[cavaglia.eu/wp-content/uploads/2014/05/profilo-small.jpg]
[cavaglia.eu/wp-content/uploads/2014/04/Screen-Shot-2016-04-25-at-20.53.35.png]
[cavaglia.eu/wp-content/uploads/2014/04/Screen-Shot-2016-04-25-at-20.27.25.png]
[cavaglia.eu/wp-content/uploads/2014/04/bandiera02.png]
[cavaglia.eu/wp-content/uploads/2014/04/Torino2.jpg]
[cavaglia.eu/wp-content/themes/Divi/includes/builder/scripts/frontend-builder-global-functions7ee6.js]
[cavaglia.eu/wp-includes/js/comment-reply.minad9f.js]
[cavaglia.eu/wp-content/themes/Divi/includes/builder/scripts/jquery.mobile.custom.min7ee6.js]
[cavaglia.eu/wp-content/themes/Divi/js/custom7ee6.js]
[cavaglia.eu/wp-content/themes/Divi/includes/builder/scripts/jquery.fitvids7ee6.js]
[cavaglia.eu/wp-content/themes/Divi/includes/builder/scripts/waypoints.min7ee6.js]
[cavaglia.eu/wp-content/themes/Divi/includes/builder/scripts/jquery.magnific-popup7ee6.js]
[cavaglia.eu/wp-content/themes/Divi/includes/builder/scripts/frontend-builder-scripts7ee6.js]
[cavaglia.eu/wp-includes/js/wp-embed.minad9f.js]
[cavaglia.eu/index.html]
[cavaglia.eu/xmlrpc.php]
[cavaglia.eu/wp-content/plugins/mailchimp/css/flick/images/ui-bg_flat_75_ffffff_40x100.png]
[cavaglia.eu/wp-content/plugins/mailchimp/css/flick/images/ui-bg_highlight-soft_50_dddddd_1x100.png]
[cavaglia.eu/wp-content/plugins/mailchimp/css/flick/images/ui-bg_highlight-soft_100_f6f6f6_1x100.png]
[cavaglia.eu/wp-content/plugins/mailchimp/css/flick/images/ui-bg_highlight-soft_25_0073ea_1x100.png]
[cavaglia.eu/wp-content/plugins/mailchimp/css/flick/images/ui-bg_glass_65_ffffff_1x400.png]
[cavaglia.eu/wp-content/plugins/mailchimp/css/flick/images/ui-bg_flat_55_ffffff_40x100.png]
[cavaglia.eu/wp-content/plugins/mailchimp/css/flick/images/ui-icons_ff0084_256x240.png]
[cavaglia.eu/wp-content/plugins/mailchimp/css/flick/images/ui-icons_0073ea_256x240.png]
[cavaglia.eu/wp-content/plugins/mailchimp/css/flick/images/ui-icons_666666_256x240.png]
[cavaglia.eu/wp-content/plugins/mailchimp/css/flick/images/ui-icons_ffffff_256x240.png]
[cavaglia.eu/wp-content/plugins/mailchimp/css/flick/images/ui-icons_454545_256x240.png]
[cavaglia.eu/wp-content/plugins/mailchimp/css/flick/images/ui-bg_flat_0_eeeeee_40x100.png]
[cavaglia.eu/wp-content/plugins/mailchimp/css/flick/images/ui-bg_flat_0_aaaaaa_40x100.png]
[cavaglia.eu/wp-content/plugins/mailchimp/css/flick/flickad9f.css]
[cavaglia.eu/indexc9e4.html]
[cavaglia.eu/wp-includes/css/dist/block-library/style.minad9f.css]
[cavaglia.eu/wp-content/themes/Divi/core/admin/fonts/modules.eot]
[cavaglia.eu/wp-content/themes/Divi/core/admin/fonts/modulesd41d.eot]
[cavaglia.eu/wp-content/themes/Divi/core/admin/fonts/modules.ttf]
[cavaglia.eu/wp-content/themes/Divi/core/admin/fonts/modules.woff]
[cavaglia.eu/wp-content/themes/Divi/includes/builder/styles/images/subscribe-loader.gif]
[cavaglia.eu/wp-content/themes/Divi/includes/builder/styles/images/preloader.gif]
[cavaglia.eu/wp-content/themes/Divi/style7ee6.css]
[cavaglia.eu/wp-content/themes/Divi/epanel/shortcodes/images/shortcodes-sprite.png]
[cavaglia.eu/wp-content/themes/Divi/epanel/shortcodes/css/shortcodes7ee6.css]
[cavaglia.eu/wp-content/themes/Divi/epanel/shortcodes/css/shortcodes_responsive7ee6.css]
[cavaglia.eu/wp-content/themes/Divi/includes/builder/styles/magnific_popup7ee6.css]
[cavaglia.eu/wp-json/oembed/1.0/embedc5db.json]
[cavaglia.eu/about/feed/index.html]
[cavaglia.eu/wp-json/oembed/1.0/embedce72]
[cavaglia.eu/wp-content/uploads/2014/04/roby-sfondobianco.png]
[cavaglia.eu/wp-content/uploads/2014/04/SacraSanMichele-small.jpg]
[cavaglia.eu/wp-content/uploads/2014/04/profilo.jpg]
[cavaglia.eu/wp-content/uploads/2014/04/convegno.jpg]
[cavaglia.eu/wp-content/uploads/2014/04/Consiglio-small.jpg]
[cavaglia.eu/wp-content/uploads/2014/04/scalinata.jpg]
[cavaglia.eu/blog/index.html]
[cavaglia.eu/wp-content/uploads/2014/04/BTN_zeroneet.png]
[cavaglia.eu/wp-content/uploads/2014/04/BTN_famiglia.png]
[cavaglia.eu/wp-content/uploads/2014/04/BTN_avoro.png]
[cavaglia.eu/wp-content/uploads/2014/04/BTN_salute.png]
[cavaglia.eu/wp-content/uploads/2014/04/BTN_lavoro.png]
[cavaglia.eu/wp-content/uploads/2014/04/BTN_trasporti.png]
[cavaglia.eu/wp-content/uploads/2014/04/BTN_burocrazia.png]
[cavaglia.eu/wp-content/uploads/2014/04/BTN_ambiente-energia.png]
[cavaglia.eu/wp-content/uploads/2014/04/Cavaglia-Flyer.pdf]
[cavaglia.eu/about/index.html]
[cavaglia.eu/wp-content/uploads/2014/04/Cavaglia-manifesto.pdf]
[cavaglia.eu/wp-json/oembed/1.0/embede6dd.json]
[cavaglia.eu/zero-neet/feed/index.html]
[cavaglia.eu/wp-json/oembed/1.0/embed90c2]
[cavaglia.eu/wp-content/uploads/2014/05/zeroneet.jpg]
[cavaglia.eu/zero-neet/index.html]
[cavaglia.eu/wp-content/themes/Divi/core/admin/fonts/modules.svg]
[cavaglia.eu/index1639.html]
[cavaglia.eu/blog/index.html]
[cavaglia.eu/wp-content/uploads/2014/05/zeroneet.png]
[cavaglia.eu/blog/page/2/index.html]
[cavaglia.eu/proposta-di-mozione-per-salvare-la-linea-ferroviaria-pinerolo-torre-pellice/index.html]
[cavaglia.eu/category/provincia-di-torino/index.html]
[cavaglia.eu/mozione-analisi-dei-fabbisogni-professionali/index.html]
[cavaglia.eu/il-sistema-di-istruzione-e-formazione-professionale-proposte-della-v-commissione-upp/index.html]
[cavaglia.eu/riforma-delle-province-riassetto-riforma-o-abolizione/index.html]
[cavaglia.eu/torino-ovest-progetti-di-futura-trasformazione/index.html]
[cavaglia.eu/index2905.html]
[cavaglia.eu/incontro-a-giaveno/index.html]
[cavaglia.eu/blog/page/2/index.html]
[cavaglia.eu/incontro-a-condove/index.html]
[cavaglia.eu/formazione-e-lavoro-in-provincia-di-torino/index.html]
[cavaglia.eu/mozione-riordino-del-sistema-di-istruzione-e-formazione-professionale/index.html]
[cavaglia.eu/listruzione-in-provincia-di-torino/index.html]
[cavaglia.eu/wp-json/oembed/1.0/embed06d7.json]
[cavaglia.eu/tag/elezioni/index.html]
[cavaglia.eu/tag/condove/index.html]
[cavaglia.eu/tag/ferrovia/index.html]
[cavaglia.eu/tag/formazione/index.html]
[cavaglia.eu/wp-json/oembed/1.0/embed73a2]
[cavaglia.eu/tag/lavoro/index.html]
[cavaglia.eu/tag/mozione/index.html]
[cavaglia.eu/tag/giaveno/index.html]
[cavaglia.eu/tag/istruzione/index.html]
[cavaglia.eu/wp-content/uploads/2013/06/409_Pinerolo_TorrePellice.pdf]
[cavaglia.eu/tag/riforma/index.html]
[cavaglia.eu/tag/torino/index.html]
[cavaglia.eu/tag/occupazione/index.html]
[cavaglia.eu/wp-content/plugins/akismet/_inc/form0235.js]
[cavaglia.eu/proposta-di-mozione-per-salvare-la-linea-ferroviaria-pinerolo-torre-pellice/index.html]
[cavaglia.eu/tag/trasformazioni/index.html]
[cavaglia.eu/2012/06/index.html]
[cavaglia.eu/2011/12/index.html]
[cavaglia.eu/2011/11/index.html]
[cavaglia.eu/category/provincia-di-torino/index.html]
[cavaglia.eu/2011/03/index.html]
[cavaglia.eu/2011/05/index.html]
[cavaglia.eu/2010/12/index.html]
[cavaglia.eu/2010/11/index.html]
[cavaglia.eu/wp-json/oembed/1.0/embed0c9f.json]
[cavaglia.eu/2009/11/index.html]
[cavaglia.eu/2009/05/index.html]
[cavaglia.eu/mozione-nuovo-quadro-organizzativo-delle-politiche-attive-del-lavoro-della-provincia-di-torino/index.html]
[cavaglia.eu/mozione-azioni-di-sostegno-alla-formazione-professionale/index.html]
[cavaglia.eu/wp-json/oembed/1.0/embedb7da]
[cavaglia.eu/proposta-di-mozione-per-salvare-la-linea-ferroviaria-pinerolo-torre-pellice/feed/index.html]
[cavaglia.eu/il-mio-impegno-per-la-provincia-di-torino/index.html]
[cavaglia.eu/category/provincia-di-torino/page/2/index.html]
[cavaglia.eu/wp-content/uploads/2013/06/MOZIONE_fabbisogni_02_cavaglià_definitiva.doc]
[cavaglia.eu/mozione-analisi-dei-fabbisogni-professionali/index.html]
[cavaglia.eu/category/provincia-di-torino/feed/index.html]
[cavaglia.eu/mozione-analisi-dei-fabbisogni-professionali/feed/index.html]
[cavaglia.eu/wp-json/oembed/1.0/embed6a9a.json]
[cavaglia.eu/il-sistema-di-istruzione-e-formazione-professionale-proposte-della-v-commissione-upp/feed/index.html]
[cavaglia.eu/wp-json/oembed/1.0/embeda2e7]
[cavaglia.eu/wp-content/uploads/2011/11/Istruzione-e-FP_V_UPP.doc]
[cavaglia.eu/il-sistema-di-istruzione-e-formazione-professionale-proposte-della-v-commissione-upp/index.html]
[cavaglia.eu/wp-json/oembed/1.0/embed09e3.json]
[cavaglia.eu/riforma-delle-province-riassetto-riforma-o-abolizione/feed/index.html]
[cavaglia.eu/wp-json/oembed/1.0/embedc6b8]
[cavaglia.eu/wp-content/uploads/2013/06/Province_DF_Cavaglia_A5.jpg]
[cavaglia.eu/riforma-delle-province-riassetto-riforma-o-abolizione/index.html]
[cavaglia.eu/wp-content/uploads/2013/06/Province_DF_Cavaglia_A5-211x300.jpg]
[cavaglia.eu/wp-json/oembed/1.0/embed364f.json]
[cavaglia.eu/torino-ovest-progetti-di-futura-trasformazione/feed/index.html]
[cavaglia.eu/wp-json/oembed/1.0/embed42aa]
[cavaglia.eu/wp-content/uploads/2013/06/Convegno-Torino-Ovest-12-11-2011.jpg]
[cavaglia.eu/torino-ovest-progetti-di-futura-trasformazione/index.html]
[cavaglia.eu/wp-content/uploads/2013/06/Convegno-Torino-Ovest-12-11-2011-212x300.jpg]
[cavaglia.eu/wp-json/oembed/1.0/embedf0a4.json]
[cavaglia.eu/incontro-a-giaveno/feed/index.html]
[cavaglia.eu/wp-json/oembed/1.0/embed2681]
[cavaglia.eu/wp-content/uploads/2013/06/Schermata-2013-06-03-alle-20.45.21.png]
[cavaglia.eu/incontro-a-giaveno/index.html]
[cavaglia.eu/wp-content/uploads/2013/06/Schermata-2013-06-03-alle-20.45.21-214x300.png]
[cavaglia.eu/wp-json/oembed/1.0/embed0bc7.json]
[cavaglia.eu/incontro-a-condove/feed/index.html]
[cavaglia.eu/wp-json/oembed/1.0/embed21d1]
[cavaglia.eu/wp-content/uploads/2013/06/Schermata-2013-06-03-alle-20.42.31.png]
[cavaglia.eu/incontro-a-condove/index.html]
[cavaglia.eu/wp-content/uploads/2013/06/Schermata-2013-06-03-alle-20.42.31-206x300.png]
[cavaglia.eu/wp-json/oembed/1.0/embed6c2a.json]
[cavaglia.eu/formazione-e-lavoro-in-provincia-di-torino/feed/index.html]
[cavaglia.eu/formazione-e-lavoro-in-provincia-di-torino/index.html]
[cavaglia.eu/wp-json/oembed/1.0/embeda9a2]
[cavaglia.eu/wp-json/oembed/1.0/embedd37e.json]
[cavaglia.eu/wp-json/oembed/1.0/embed86a5]
[cavaglia.eu/wp-content/uploads/2013/06/Istruzione-e-FP_Cavaglià_definitivo_rev6.doc]
[cavaglia.eu/mozione-riordino-del-sistema-di-istruzione-e-formazione-professionale/index.html]
[cavaglia.eu/wp-json/oembed/1.0/embed9058.json]
[cavaglia.eu/mozione-riordino-del-sistema-di-istruzione-e-formazione-professionale/feed/index.html]
[cavaglia.eu/listruzione-in-provincia-di-torino/feed/index.html]
[cavaglia.eu/wp-json/oembed/1.0/embed79a9]
[cavaglia.eu/listruzione-in-provincia-di-torino/index.html]
[cavaglia.eu/tag/condove/index.html]
[cavaglia.eu/tag/elezioni/index.html]
[cavaglia.eu/tag/ferrovia/index.html]
[cavaglia.eu/tag/formazione/index.html]
[cavaglia.eu/tag/condove/feed/index.html]
[cavaglia.eu/tag/giaveno/index.html]
[cavaglia.eu/tag/elezioni/feed/index.html]
[cavaglia.eu/tag/ferrovia/feed/index.html]
[cavaglia.eu/tag/formazione/feed/index.html]
[cavaglia.eu/tag/istruzione/index.html]
[cavaglia.eu/tag/lavoro/index.html]
[cavaglia.eu/tag/mozione/index.html]
[cavaglia.eu/tag/giaveno/feed/index.html]
[cavaglia.eu/tag/occupazione/index.html]
[cavaglia.eu/tag/lavoro/feed/index.html]
[cavaglia.eu/tag/riforma/index.html]
[cavaglia.eu/tag/istruzione/feed/index.html]
[cavaglia.eu/tag/mozione/feed/index.html]
[cavaglia.eu/tag/torino/index.html]
[cavaglia.eu/tag/trasformazioni/index.html]
[cavaglia.eu/tag/occupazione/feed/index.html]
[cavaglia.eu/2012/06/index.html]
[cavaglia.eu/2011/12/index.html]
[cavaglia.eu/2011/11/index.html]
[cavaglia.eu/2011/05/index.html]
[cavaglia.eu/2011/03/index.html]
[cavaglia.eu/2010/12/index.html]
[cavaglia.eu/2010/11/index.html]
[cavaglia.eu/2009/11/index.html]
[cavaglia.eu/2009/05/index.html]
[cavaglia.eu/tag/riforma/feed/index.html]
[cavaglia.eu/tag/trasformazioni/feed/index.html]
[cavaglia.eu/tag/torino/feed/index.html]
[cavaglia.eu/wp-json/oembed/1.0/embed917f.json]
[cavaglia.eu/mozione-azioni-di-sostegno-alla-formazione-professionale/feed/index.html]
[cavaglia.eu/wp-json/oembed/1.0/embedf036]
[cavaglia.eu/wp-content/uploads/2013/06/FP_05_11_09.doc]
[cavaglia.eu/mozione-azioni-di-sostegno-alla-formazione-professionale/index.html]
[cavaglia.eu/wp-json/oembed/1.0/embed2f8d.json]
[cavaglia.eu/mozione-nuovo-quadro-organizzativo-delle-politiche-attive-del-lavoro-della-provincia-di-torino/feed/index.html]
[cavaglia.eu/wp-json/oembed/1.0/embed79c2]
[cavaglia.eu/mozione-nuovo-quadro-organizzativo-delle-politiche-attive-del-lavoro-della-provincia-di-torino/index.html]
[cavaglia.eu/wp-content/uploads/2013/06/cavaglià_cpi_06_11_09.doc]
[cavaglia.eu/wp-json/oembed/1.0/embed280f.json]
[cavaglia.eu/il-mio-impegno-per-la-provincia-di-torino/feed/index.html]
[cavaglia.eu/wp-json/oembed/1.0/embed286c]
[cavaglia.eu/wp-content/uploads/2013/06/Schermata-2013-06-03-alle-21.08.50.png]
[cavaglia.eu/wp-content/uploads/2013/06/Schermata-2013-06-03-alle-21.08.50-300x143.png]
[cavaglia.eu/il-mio-impegno-per-la-provincia-di-torino/index.html]
[cavaglia.eu/index7896.html]
[cavaglia.eu/category/provincia-di-torino/page/2/index.html]
[cavaglia.eu/wp-content/uploads/2013/06/2009_Volantino.pdf]
[cavaglia.eu/index8e15.html]
[cavaglia.eu/index5eda.html]
[cavaglia.eu/index2cf9.html]
[cavaglia.eu/index0b69.html]
[cavaglia.eu/index3965.html]
[cavaglia.eu/indexd8eb.html]
[cavaglia.eu/index6c46.html]
[cavaglia.eu/index287b.html]
[cavaglia.eu/index1e7e.html]
[cavaglia.eu/index6213.html]
[cavaglia.eu/index3fbb.html]
[cavaglia.eu/index4837.html]
[cavaglia.eu/category/provincia-di-torino/page/3/index.html]
[cavaglia.eu/category/provincia-di-torino/page/3/index.html]
